// Jest Snapshot v1, https://goo.gl/fbAQLP

exports[`ArticleListPage component renders the UI as expected 1`] = `
<section
  className="Section Section--list ArticleListPage"
/>
`;
