// Jest Snapshot v1, https://goo.gl/fbAQLP

exports[`EntryListItem component renders the UI as expected 1`] = `
<div
  className="EntryListItem__container"
>
  <div
    className="EntryListItem"
  >
    <div
      className="EntryListItem__details"
    >
      <div
        className="EntryListItem__text"
      >
        <h2
          className="EntryListItem__title"
        >
          2001-01-01
        </h2>
        <p
          className="EntryListItem__description"
        >
          Lorem ipsum dolor sit amet, consectetur adipisicing elit. Natus consequuntur deserunt commodi, nobis qui inventore corrupti iusto aliquid debitis unde non.Adipisci, pariatur.Molestiae, libero esse hic adipisci autem neque ?
        </p>
      </div>
    </div>
  </div>
  <button
    aria-label="delete button"
    className="EntryListItem__delete jiggly"
    onClick={[Function]}
    title="delete button"
  >
    <svg
      aria-hidden="true"
      className="svg-inline--fa fa-trash-alt fa-w-14 logo"
      data-icon="trash-alt"
      data-prefix="far"
      focusable="false"
      role="img"
      style={Object {}}
      viewBox="0 0 448 512"
      xmlns="http://www.w3.org/2000/svg"
    >
      <path
        d="M268 416h24a12 12 0 0 0 12-12V188a12 12 0 0 0-12-12h-24a12 12 0 0 0-12 12v216a12 12 0 0 0 12 12zM432 80h-82.41l-34-56.7A48 48 0 0 0 274.41 0H173.59a48 48 0 0 0-41.16 23.3L98.41 80H16A16 16 0 0 0 0 96v16a16 16 0 0 0 16 16h16v336a48 48 0 0 0 48 48h288a48 48 0 0 0 48-48V128h16a16 16 0 0 0 16-16V96a16 16 0 0 0-16-16zM171.84 50.91A6 6 0 0 1 177 48h94a6 6 0 0 1 5.15 2.91L293.61 80H154.39zM368 464H80V128h288zm-212-48h24a12 12 0 0 0 12-12V188a12 12 0 0 0-12-12h-24a12 12 0 0 0-12 12v216a12 12 0 0 0 12 12z"
        fill="currentColor"
        style={Object {}}
      />
    </svg>
  </button>
</div>
`;
