// Jest Snapshot v1, https://goo.gl/fbAQLP

exports[`EntryListPage component renders the UI as expected 1`] = `
<section
  className="Section Section--list EntryListPage"
/>
`;
